{
  "operation": "cdc_consume",
  "span_name": "cdc_consume",
  "service": "trendmarket-amm",
  "required_tags": {
    "service.name": "trendmarket-amm",
    "service.version": "v0.1.0",
    "net.peer.env": "dev",
    "amm.operation": "cdc_consume",
    "http.route": "/cdc_consume",
    "otel.status_code": "OK",
    "amm.delta_k_ratio": {
      "value": 0.0,
      "tolerance": 1.5e-9
    }
  }
}
