{
  "operation": "pricing_quote",
  "span_name": "pricing_quote",
  "service": "trendmarket-amm",
  "required_tags": {
    "service.name": "trendmarket-amm",
    "service.version": "v0.1.0",
    "net.peer.env": "dev",
    "amm.operation": "pricing_quote",
    "http.route": "/pricing_quote",
    "otel.status_code": "OK",
    "amm.delta_k_ratio": {
      "value": 0.0,
      "tolerance": 1.5e-9
    }
  }
}
