{
  "id": "remove_liquidity",
  "operation": "remove_liquidity",
  "service": "trendmarket-amm",
  "lookback": "1h",
  "limit": 50,
  "attributes": [
    {"key": "service.name", "equals": "trendmarket-amm"},
    {"key": "service.version"},
    {"key": "deployment.environment", "aliases": ["net.peer.env"]},
    {"key": "http.route"},
    {"key": "amm.operation", "equals": "remove_liquidity"},
    {"key": "amm.market_id"},
    {"key": "amm.region"},
    {"key": "amm.seed_id"},
    {"key": "amm.pool_id"},
    {"key": "amm.position_id"},
    {"key": "amm.liquidity_delta"},
    {"key": "amm.amount_in"},
    {"key": "amm.amount_out"}
  ]
}
